NATIVE_TWO_SCANOUTS REJECTED: Error Domain=VZErrorDomain Code=2 "More than one scanout is configured." UserInfo={NSLocalizedFailure=Invalid virtual machine configuration., NSLocalizedFailureReason=More than one scanout is configured.}
TWO_CUSTOM VALID
GPU 0 CREATED
GPU 1 CREATED
BOOT success()
[    0.053750] loop: module loaded
[    0.053835] virtio_blk virtio1: 1/0/0 default/read/poll queues
[    0.053963] virtio_blk virtio1: [vda] 10485760 512-byte logical blocks (5.37 GB/5.00 GiB)
[    0.054368] tun: Universal TUN/TAP device driver, 1.6
[    0.054434] PPP generic driver version 2.4.2
[    0.054510] mousedev: PS/2 mouse device common for all mice
[    0.054564] i2c_dev: i2c /dev entries driver
[    0.054637] device-mapper: core: CONFIG_IMA_DISABLE_HTABLE is disabled. Duplicate IMA measurements will not be recorded in the IMA log.
[    0.054702] device-mapper: uevent: version 1.0.3
[    0.054741] device-mapper: ioctl: 4.48.0-ioctl (2023-03-01) initialised: dm-devel@redhat.com
[    0.054923] ledtrig-cpu: registered to indicate activity on CPUs
[    0.055044] watchdog: Delayed init of the lockup detector failed: -19
[    0.055072] watchdog: Hard watchdog permanently disabled
[    0.055115] drop_monitor: Initializing network drop monitor service
[    0.055221] NET: Registered PF_INET6 protocol family
[    0.089863] Freeing initrd memory: 49404K
[    0.092297] Segment Routing with IPv6
[    0.092340] In-situ OAM (IOAM) with IPv6
[    0.092376] NET: Registered PF_PACKET protocol family
[    0.092447] Key type dns_resolver registered
[    0.092981] registered taskstats version 1
[    0.093112] Loading compiled-in X.509 certificates
[    0.093382] Loaded X.509 cert 'Build time autogenerated kernel key: f077b620820550864c99dea090c9f187de8a452a'
[    0.093576] Loaded X.509 cert 'Canonical Ltd. Live Patch Signing 2025 Kmod: d541cef61dc7e793b7eb7e899970a2eef0b5dc8c'
[    0.093769] Loaded X.509 cert 'Canonical Ltd. Live Patch Signing: 14df34d1a87cf37625abec039ef2bf521249b969'
[    0.093955] Loaded X.509 cert 'Canonical Ltd. Kernel Module Signing 2025 Kmod: 4627603d2357a2a3f81006370894c221175893e9'
[    0.094158] Loaded X.509 cert 'Canonical Ltd. Kernel Module Signing: 88f752e560a1e0737e31163a466ad7b70a850c19'
[    0.094204] blacklist: Loading compiled-in revocation X.509 certificates
[    0.094258] Loaded X.509 cert 'Canonical Ltd. Secure Boot Signing: 61482aa2830d0ab2ad5af10b7250da9033ddcef0'
[    0.094317] Loaded X.509 cert 'Canonical Ltd. Secure Boot Signing (2017): 242ade75ac4a15e50d50c84b0d45ff3eae707a03'
[    0.094376] Loaded X.509 cert 'Canonical Ltd. Secure Boot Signing (ESM 2018): 365188c1d374d6b07c3c8f240f8ef722433d6a8b'
[    0.094418] Loaded X.509 cert 'Canonical Ltd. Secure Boot Signing (2019): c0746fd6c5da3ae827864651ad66ae47fe24b3e8'
[    0.094477] Loaded X.509 cert 'Canonical Ltd. Secure Boot Signing (2021 v1): a8d54bbb3825cfb94fa13c9f8a594a195c107b8d'
[    0.094533] Loaded X.509 cert 'Canonical Ltd. Secure Boot Signing (2021 v2): 4cf046892d6fd3c9a5b03f98d845f90851dc6a8c'
[    0.094587] Loaded X.509 cert 'Canonical Ltd. Secure Boot Signing (2021 v3): 100437bb6de6e469b581e61cd66bce3ef4ed53af'
[    0.094645] Loaded X.509 cert 'Canonical Ltd. Secure Boot Signing (Ubuntu Core 2019): c1d57b8f6b743f23ee41f4f7ee292f06eecadfb9'
[    0.096033] Key type .fscrypt registered
[    0.096060] Key type fscrypt-provisioning registered
[    0.100518] Key type encrypted registered
[    0.100552] AppArmor: AppArmor sha256 policy hashing enabled
[    0.100587] ima: No TPM chip found, activating TPM-bypass!
[    0.100616] Loading compiled-in module X.509 certificates
[    0.100790] Loaded X.509 cert 'Build time autogenerated kernel key: f077b620820550864c99dea090c9f187de8a452a'
[    0.100834] ima: Allocated hash algorithm: sha256
[    0.100859] ima: No architecture policies found
[    0.100889] evm: Initialising EVM extended attributes:
[    0.100908] evm: security.selinux
[    0.100923] evm: security.SMACK64
[    0.100943] evm: security.SMACK64EXEC
[    0.100962] evm: security.SMACK64TRANSMUTE
[    0.100980] evm: security.SMACK64MMAP
[    0.100999] evm: security.apparmor
[    0.101019] evm: security.ima
[    0.101042] evm: security.capability
[    0.101067] evm: HMAC attrs: 0x1
[    0.102491] clk: Disabling unused clocks
[    0.102992] Freeing unused kernel memory: 12288K
[    0.104347] Checked W+X mappings: passed, no W+X pages found
[    0.104386] Run /init as init process
Loading, please wait...
Starting systemd-udevd version 255.4-1ubuntu8.17

[    0.176400] rtc-pl031 20050000.pl031: registered as rtc0
[    0.176442] rtc-pl031 20050000.pl031: setting system clock to 2026-10-02T11:12:29 UTC (1790939549)
[    0.180315] input: gpio-keys as /devices/platform/gpio-keys/input/input0
[    0.184624] random: crng init done
Begin: Loading essential drivers ... done.
Begin: Running /scripts/init-premount ... done.
Begin: Mounting root file system ... Begin: Running /scripts/local-top ... done.
Begin: Running /scripts/local-premount ... done.
Warning: fsck not present, so skipping root file system
[    0.229083] EXT4-fs (vda): write access unavailable, skipping orphan cleanup
[    0.229130] EXT4-fs (vda): mounted filesystem 635df6aa-09c4-41e6-b10f-f4bfece0f66b ro with ordered data mode. Quota mode: none.
done.
Begin: Running /scripts/local-bottom ... done.
Begin: Running /scripts/init-bottom ... done.
/bin/sh: 0: can't access tty; job control turned off
# mount -t proc proc /proc; mount -t sysfs sysfs /sys; echo MULTIGPU_GUEST_BEGIN; modprobe virtio_gpu; ls -l /sys/class/drm; for d in /sys/bus/virtio/devices/*; do echo $d; cat $d/device; done; dmesg | grep -E 'virtio_gpu|drm'; echo MULTIGPU_GUEST_END
mount: /sys: sysfs already mounted on /sys.
       dmesg(1) may have more information after failed mount system call.
MULTIGPU_GUEST_BEGIN
[   19.830093] [drm] pci: virtio-vga detected at 0000:00:08.0
[   19.830177] [drm] features: -virgl -edid -resource_blob -host_visible
[   19.830177] [drm] features: -context_init
[   19.830438] [drm] number of scanouts: 1
[   19.830472] [drm] number of cap sets: 0
GPU 0 DRIVER_OK
[   19.831072] [drm] Initialized virtio_gpu 0.1.0 0 for 0000:00:08.0 on minor 0
[   19.831136] virtio-pci 0000:00:08.0: [drm] Cannot find any crtc or sizes
[   19.831277] [drm] pci: virtio-vga detected at 0000:00:09.0
[   19.831330] [drm] features: -virgl -edid -resource_blob -host_visible
[   19.831331] [drm] features: -context_init
[   19.831550] [drm] number of scanouts: 1
[   19.831575] [drm] number of cap sets: 0
GPU 1 DRIVER_OK
[   19.831821] [drm] Initialized virtio_gpu 0.1.0 0 for 0000:00:09.0 on minor 1
[   19.831864] virtio-pci 0000:00:09.0: [drm] Cannot find any crtc or sizes
total 0
lrwxrwxrwx 1 root root    0 Oct  2 11:12 card0 -> ../../devices/platform/40000000.pci/pci0000:00/0000:00:08.0/drm/card0
lrwxrwxrwx 1 root root    0 Oct  2 11:12 card0-Virtual-1 -> ../../devices/platform/40000000.pci/pci0000:00/0000:00:08.0/drm/card0/card0-Virtual-1
lrwxrwxrwx 1 root root    0 Oct  2 11:12 card1 -> ../../devices/platform/40000000.pci/pci0000:00/0000:00:09.0/drm/card1
lrwxrwxrwx 1 root root    0 Oct  2 11:12 card1-Virtual-2 -> ../../devices/platform/40000000.pci/pci0000:00/0000:00:09.0/drm/card1/card1-Virtual-2
lrwxrwxrwx 1 root root    0 Oct  2 11:12 renderD128 -> ../../devices/platform/40000000.pci/pci0000:00/0000:00:08.0/drm/renderD128
lrwxrwxrwx 1 root root    0 Oct  2 11:12 renderD129 -> ../../devices/platform/40000000.pci/pci0000:00/0000:00:09.0/drm/renderD129
-r--r--r-- 1 root root 4096 Oct  2 11:12 version
/sys/bus/virtio/devices/virtio0
0x0003
/sys/bus/virtio/devices/virtio1
0x0002
/sys/bus/virtio/devices/virtio2
0x0004
/sys/bus/virtio/devices/virtio3
0x0010
/sys/bus/virtio/devices/virtio4
0x0010
[   19.830093] [drm] pci: virtio-vga detected at 0000:00:08.0
[   19.830177] [drm] features: -virgl -edid -resource_blob -host_visible
[   19.830177] [drm] features: -context_init
[   19.830438] [drm] number of scanouts: 1
[   19.830472] [drm] number of cap sets: 0
[   19.831072] [drm] Initialized virtio_gpu 0.1.0 0 for 0000:00:08.0 on minor 0
[   19.831136] virtio-pci 0000:00:08.0: [drm] Cannot find any crtc or sizes
[   19.831277] [drm] pci: virtio-vga detected at 0000:00:09.0
[   19.831330] [drm] features: -virgl -edid -resource_blob -host_visible
[   19.831331] [drm] features: -context_init
[   19.831550] [drm] number of scanouts: 1
[   19.831575] [drm] number of cap sets: 0
[   19.831821] [drm] Initialized virtio_gpu 0.1.0 0 for 0000:00:09.0 on minor 1
[   19.831864] virtio-pci 0000:00:09.0: [drm] Cannot find any crtc or sizes
MULTIGPU_GUEST_END
#
